FAKS0-0
FAKS0-1
FAKS0-2
FAKS0-3
FAKS0-4
FAKS0-5
FAKS0-6
FAKS0-7
FAKS0-8
FAKS0-9
FDAC1-0
FDAC1-1
FDAC1-2
FDAC1-3
FDAC1-4
FDAC1-5
FDAC1-6
FDAC1-7
FDAC1-8
FDAC1-9
FDAW0-0
FDAW0-1
FDAW0-2
FDAW0-3
FDAW0-4
FDAW0-5
FDAW0-6
FDAW0-7
FDAW0-8
FDAW0-9
FDML0-0
FDML0-1
FDML0-2
FDML0-3
FDML0-4
FDML0-5
FDML0-6
FDML0-7
FDML0-8
FDML0-9
FECD0-0
FECD0-1
FECD0-2
FECD0-3
FECD0-4
FECD0-5
FECD0-6
FECD0-7
FECD0-8
FECD0-9
FELC0-0
FELC0-1
FELC0-2
FELC0-3
FELC0-4
FELC0-5
FELC0-6
FELC0-7
FELC0-8
FELC0-9
FETB0-0
FETB0-1
FETB0-2
FETB0-3
FETB0-4
FETB0-5
FETB0-6
FETB0-7
FETB0-8
FETB0-9
FJEM0-0
FJEM0-1
FJEM0-2
FJEM0-3
FJEM0-4
FJEM0-5
FJEM0-6
FJEM0-7
FJEM0-8
FJEM0-9
FJSP0-0
FJSP0-1
FJSP0-2
FJSP0-3
FJSP0-4
FJSP0-5
FJSP0-6
FJSP0-7
FJSP0-8
FJSP0-9
FKFB0-0
FKFB0-1
FKFB0-2
FKFB0-3
FKFB0-4
FKFB0-5
FKFB0-6
FKFB0-7
FKFB0-8
FKFB0-9
FMEM0-0
FMEM0-1
FMEM0-2
FMEM0-3
FMEM0-4
FMEM0-5
FMEM0-6
FMEM0-7
FMEM0-8
FMEM0-9
FSAH0-0
FSAH0-1
FSAH0-2
FSAH0-3
FSAH0-4
FSAH0-5
FSAH0-6
FSAH0-7
FSAH0-8
FSAH0-9
FSMA0-0
FSMA0-1
FSMA0-2
FSMA0-3
FSMA0-4
FSMA0-5
FSMA0-6
FSMA0-7
FSMA0-8
FSMA0-9
