MCPM0-0
MCPM0-1
MCPM0-2
MCPM0-3
MCPM0-4
MCPM0-5
MCPM0-6
MCPM0-7
MCPM0-8
MCPM0-9
MDAC0-0
MDAC0-1
MDAC0-2
MDAC0-3
MDAC0-4
MDAC0-5
MDAC0-6
MDAC0-7
MDAC0-8
MDAC0-9
MEDR0-0
MEDR0-1
MEDR0-2
MEDR0-3
MEDR0-4
MEDR0-5
MEDR0-6
MEDR0-7
MEDR0-8
MEDR0-9
MGRL0-0
MGRL0-1
MGRL0-2
MGRL0-3
MGRL0-4
MGRL0-5
MGRL0-6
MGRL0-7
MGRL0-8
MGRL0-9
MJEB1-0
MJEB1-1
MJEB1-2
MJEB1-3
MJEB1-4
MJEB1-5
MJEB1-6
MJEB1-7
MJEB1-8
MJEB1-9
MJSW0-0
MJSW0-1
MJSW0-2
MJSW0-3
MJSW0-4
MJSW0-5
MJSW0-6
MJSW0-7
MJSW0-8
MJSW0-9
MJWT0-0
MJWT0-1
MJWT0-2
MJWT0-3
MJWT0-4
MJWT0-5
MJWT0-6
MJWT0-7
MJWT0-8
MJWT0-9
MKLS0-0
MKLS0-1
MKLS0-2
MKLS0-3
MKLS0-4
MKLS0-5
MKLS0-6
MKLS0-7
MKLS0-8
MKLS0-9
MKLW0-0
MKLW0-1
MKLW0-2
MKLW0-3
MKLW0-4
MKLW0-5
MKLW0-6
MKLW0-7
MKLW0-8
MKLW0-9
MMRP0-0
MMRP0-1
MMRP0-2
MMRP0-3
MMRP0-4
MMRP0-5
MMRP0-6
MMRP0-7
MMRP0-8
MMRP0-9
MPGH0-0
MPGH0-1
MPGH0-2
MPGH0-3
MPGH0-4
MPGH0-5
MPGH0-6
MPGH0-7
MPGH0-8
MPGH0-9
MPGR0-0
MPGR0-1
MPGR0-2
MPGR0-3
MPGR0-4
MPGR0-5
MPGR0-6
MPGR0-7
MPGR0-8
MPGR0-9
MRAI0-0
MRAI0-1
MRAI0-2
MRAI0-3
MRAI0-4
MRAI0-5
MRAI0-6
MRAI0-7
MRAI0-8
MRAI0-9
MRCG0-0
MRCG0-1
MRCG0-2
MRCG0-3
MRCG0-4
MRCG0-5
MRCG0-6
MRCG0-7
MRCG0-8
MRCG0-9
MREB0-0
MREB0-1
MREB0-2
MREB0-3
MREB0-4
MREB0-5
MREB0-6
MREB0-7
MREB0-8
MREB0-9
MRJO0-0
MRJO0-1
MRJO0-2
MRJO0-3
MRJO0-4
MRJO0-5
MRJO0-6
MRJO0-7
MRJO0-8
MRJO0-9
MRWS0-0
MRWS0-1
MRWS0-2
MRWS0-3
MRWS0-4
MRWS0-5
MRWS0-6
MRWS0-7
MRWS0-8
MRWS0-9
MSJS1-0
MSJS1-1
MSJS1-2
MSJS1-3
MSJS1-4
MSJS1-5
MSJS1-6
MSJS1-7
MSJS1-8
MSJS1-9
MTJS0-0
MTJS0-1
MTJS0-2
MTJS0-3
MTJS0-4
MTJS0-5
MTJS0-6
MTJS0-7
MTJS0-8
MTJS0-9
MTPF0-0
MTPF0-1
MTPF0-2
MTPF0-3
MTPF0-4
MTPF0-5
MTPF0-6
MTPF0-7
MTPF0-8
MTPF0-9
